[     220ms] [VERBOSE] [DOM] Input elements should have autocomplete attributes (suggested: "current-password"): (More info: https://goo.gl/9p2vKq) %o @ http://localhost:3000/login:0
[     429ms] [INFO] %cDownload the React DevTools for a better development experience: https://react.dev/link/react-devtools font-weight:bold @ webpack-internal:///(app-pages-browser)/../../node_modules/.pnpm/next@15.5.21_react-dom@19.2.8_react@19.2.8__react@19.2.8/node_modules/next/dist/compiled/react-dom/cjs/react-dom-client.development.js:25630
[     492ms] [ERROR] Failed to load resource: the server responded with a status of 404 (Not Found) @ http://localhost:3000/favicon.ico:0
[   21182ms] [ERROR] Failed to load resource: the server responded with a status of 400 () @ https://dgbtlcumzqkzjivwmjqe.supabase.co/auth/v1/token?grant_type=password:0
[   71093ms] [VERBOSE] [DOM] Input elements should have autocomplete attributes (suggested: "current-password"): (More info: https://goo.gl/9p2vKq) %o @ http://localhost:3000/login:0
[   71272ms] [INFO] %cDownload the React DevTools for a better development experience: https://react.dev/link/react-devtools font-weight:bold @ webpack-internal:///(app-pages-browser)/../../node_modules/.pnpm/next@15.5.21_react-dom@19.2.8_react@19.2.8__react@19.2.8/node_modules/next/dist/compiled/react-dom/cjs/react-dom-client.development.js:25630
[   74150ms] [INFO] %cDownload the React DevTools for a better development experience: https://react.dev/link/react-devtools font-weight:bold @ webpack-internal:///(app-pages-browser)/../../node_modules/.pnpm/next@15.5.21_react-dom@19.2.8_react@19.2.8__react@19.2.8/node_modules/next/dist/compiled/react-dom/cjs/react-dom-client.development.js:25630
[   76779ms] [INFO] %cDownload the React DevTools for a better development experience: https://react.dev/link/react-devtools font-weight:bold @ webpack-internal:///(app-pages-browser)/../../node_modules/.pnpm/next@15.5.21_react-dom@19.2.8_react@19.2.8__react@19.2.8/node_modules/next/dist/compiled/react-dom/cjs/react-dom-client.development.js:25630
[   78793ms] [LOG] [Fast Refresh] rebuilding @ webpack-internal:///(app-pages-browser)/../../node_modules/.pnpm/next@15.5.21_react-dom@19.2.8_react@19.2.8__react@19.2.8/node_modules/next/dist/client/dev/hot-reloader/app/hot-reloader-app.js:196
[   79928ms] [LOG] [Fast Refresh] done in 1134ms @ webpack-internal:///(app-pages-browser)/../../node_modules/.pnpm/next@15.5.21_react-dom@19.2.8_react@19.2.8__react@19.2.8/node_modules/next/dist/client/dev/report-hmr-latency.js:13
[   80198ms] [INFO] %cDownload the React DevTools for a better development experience: https://react.dev/link/react-devtools font-weight:bold @ webpack-internal:///(app-pages-browser)/../../node_modules/.pnpm/next@15.5.21_react-dom@19.2.8_react@19.2.8__react@19.2.8/node_modules/next/dist/compiled/react-dom/cjs/react-dom-client.development.js:25630
[   83335ms] [INFO] %cDownload the React DevTools for a better development experience: https://react.dev/link/react-devtools font-weight:bold @ webpack-internal:///(app-pages-browser)/../../node_modules/.pnpm/next@15.5.21_react-dom@19.2.8_react@19.2.8__react@19.2.8/node_modules/next/dist/compiled/react-dom/cjs/react-dom-client.development.js:25630
[   86243ms] [INFO] %cDownload the React DevTools for a better development experience: https://react.dev/link/react-devtools font-weight:bold @ webpack-internal:///(app-pages-browser)/../../node_modules/.pnpm/next@15.5.21_react-dom@19.2.8_react@19.2.8__react@19.2.8/node_modules/next/dist/compiled/react-dom/cjs/react-dom-client.development.js:25630
[   88103ms] [LOG] [Fast Refresh] rebuilding @ webpack-internal:///(app-pages-browser)/../../node_modules/.pnpm/next@15.5.21_react-dom@19.2.8_react@19.2.8__react@19.2.8/node_modules/next/dist/client/dev/hot-reloader/app/hot-reloader-app.js:196
[   88205ms] [LOG] [Fast Refresh] done in 101ms @ webpack-internal:///(app-pages-browser)/../../node_modules/.pnpm/next@15.5.21_react-dom@19.2.8_react@19.2.8__react@19.2.8/node_modules/next/dist/client/dev/report-hmr-latency.js:13
[   88981ms] [INFO] %cDownload the React DevTools for a better development experience: https://react.dev/link/react-devtools font-weight:bold @ webpack-internal:///(app-pages-browser)/../../node_modules/.pnpm/next@15.5.21_react-dom@19.2.8_react@19.2.8__react@19.2.8/node_modules/next/dist/compiled/react-dom/cjs/react-dom-client.development.js:25630
[   90842ms] [LOG] [Fast Refresh] rebuilding @ webpack-internal:///(app-pages-browser)/../../node_modules/.pnpm/next@15.5.21_react-dom@19.2.8_react@19.2.8__react@19.2.8/node_modules/next/dist/client/dev/hot-reloader/app/hot-reloader-app.js:196
[   91448ms] [LOG] [Fast Refresh] done in 606ms @ webpack-internal:///(app-pages-browser)/../../node_modules/.pnpm/next@15.5.21_react-dom@19.2.8_react@19.2.8__react@19.2.8/node_modules/next/dist/client/dev/report-hmr-latency.js:13
[   92166ms] [INFO] %cDownload the React DevTools for a better development experience: https://react.dev/link/react-devtools font-weight:bold @ webpack-internal:///(app-pages-browser)/../../node_modules/.pnpm/next@15.5.21_react-dom@19.2.8_react@19.2.8__react@19.2.8/node_modules/next/dist/compiled/react-dom/cjs/react-dom-client.development.js:25630
[   94050ms] [LOG] [Fast Refresh] rebuilding @ webpack-internal:///(app-pages-browser)/../../node_modules/.pnpm/next@15.5.21_react-dom@19.2.8_react@19.2.8__react@19.2.8/node_modules/next/dist/client/dev/hot-reloader/app/hot-reloader-app.js:196
[   94185ms] [LOG] [Fast Refresh] done in 135ms @ webpack-internal:///(app-pages-browser)/../../node_modules/.pnpm/next@15.5.21_react-dom@19.2.8_react@19.2.8__react@19.2.8/node_modules/next/dist/client/dev/report-hmr-latency.js:13
[   94865ms] [INFO] %cDownload the React DevTools for a better development experience: https://react.dev/link/react-devtools font-weight:bold @ webpack-internal:///(app-pages-browser)/../../node_modules/.pnpm/next@15.5.21_react-dom@19.2.8_react@19.2.8__react@19.2.8/node_modules/next/dist/compiled/react-dom/cjs/react-dom-client.development.js:25630
[   96724ms] [LOG] [Fast Refresh] rebuilding @ webpack-internal:///(app-pages-browser)/../../node_modules/.pnpm/next@15.5.21_react-dom@19.2.8_react@19.2.8__react@19.2.8/node_modules/next/dist/client/dev/hot-reloader/app/hot-reloader-app.js:196
[   96941ms] [LOG] [Fast Refresh] done in 217ms @ webpack-internal:///(app-pages-browser)/../../node_modules/.pnpm/next@15.5.21_react-dom@19.2.8_react@19.2.8__react@19.2.8/node_modules/next/dist/client/dev/report-hmr-latency.js:13
[   97224ms] [INFO] %cDownload the React DevTools for a better development experience: https://react.dev/link/react-devtools font-weight:bold @ webpack-internal:///(app-pages-browser)/../../node_modules/.pnpm/next@15.5.21_react-dom@19.2.8_react@19.2.8__react@19.2.8/node_modules/next/dist/compiled/react-dom/cjs/react-dom-client.development.js:25630
[   99134ms] [LOG] [Fast Refresh] rebuilding @ webpack-internal:///(app-pages-browser)/../../node_modules/.pnpm/next@15.5.21_react-dom@19.2.8_react@19.2.8__react@19.2.8/node_modules/next/dist/client/dev/hot-reloader/app/hot-reloader-app.js:196
[   99374ms] [LOG] [Fast Refresh] done in 240ms @ webpack-internal:///(app-pages-browser)/../../node_modules/.pnpm/next@15.5.21_react-dom@19.2.8_react@19.2.8__react@19.2.8/node_modules/next/dist/client/dev/report-hmr-latency.js:13
[   99893ms] [INFO] %cDownload the React DevTools for a better development experience: https://react.dev/link/react-devtools font-weight:bold @ webpack-internal:///(app-pages-browser)/../../node_modules/.pnpm/next@15.5.21_react-dom@19.2.8_react@19.2.8__react@19.2.8/node_modules/next/dist/compiled/react-dom/cjs/react-dom-client.development.js:25630
[  101787ms] [LOG] [Fast Refresh] rebuilding @ webpack-internal:///(app-pages-browser)/../../node_modules/.pnpm/next@15.5.21_react-dom@19.2.8_react@19.2.8__react@19.2.8/node_modules/next/dist/client/dev/hot-reloader/app/hot-reloader-app.js:196
[  101968ms] [LOG] [Fast Refresh] done in 180ms @ webpack-internal:///(app-pages-browser)/../../node_modules/.pnpm/next@15.5.21_react-dom@19.2.8_react@19.2.8__react@19.2.8/node_modules/next/dist/client/dev/report-hmr-latency.js:13
[  102318ms] [INFO] %cDownload the React DevTools for a better development experience: https://react.dev/link/react-devtools font-weight:bold @ webpack-internal:///(app-pages-browser)/../../node_modules/.pnpm/next@15.5.21_react-dom@19.2.8_react@19.2.8__react@19.2.8/node_modules/next/dist/compiled/react-dom/cjs/react-dom-client.development.js:25630
[  104773ms] [INFO] %cDownload the React DevTools for a better development experience: https://react.dev/link/react-devtools font-weight:bold @ webpack-internal:///(app-pages-browser)/../../node_modules/.pnpm/next@15.5.21_react-dom@19.2.8_react@19.2.8__react@19.2.8/node_modules/next/dist/compiled/react-dom/cjs/react-dom-client.development.js:25630
[  106640ms] [LOG] [Fast Refresh] rebuilding @ webpack-internal:///(app-pages-browser)/../../node_modules/.pnpm/next@15.5.21_react-dom@19.2.8_react@19.2.8__react@19.2.8/node_modules/next/dist/client/dev/hot-reloader/app/hot-reloader-app.js:196
[  106802ms] [LOG] [Fast Refresh] done in 162ms @ webpack-internal:///(app-pages-browser)/../../node_modules/.pnpm/next@15.5.21_react-dom@19.2.8_react@19.2.8__react@19.2.8/node_modules/next/dist/client/dev/report-hmr-latency.js:13
[  108461ms] [INFO] %cDownload the React DevTools for a better development experience: https://react.dev/link/react-devtools font-weight:bold @ webpack-internal:///(app-pages-browser)/../../node_modules/.pnpm/next@15.5.21_react-dom@19.2.8_react@19.2.8__react@19.2.8/node_modules/next/dist/compiled/react-dom/cjs/react-dom-client.development.js:25630
[  111060ms] [INFO] %cDownload the React DevTools for a better development experience: https://react.dev/link/react-devtools font-weight:bold @ webpack-internal:///(app-pages-browser)/../../node_modules/.pnpm/next@15.5.21_react-dom@19.2.8_react@19.2.8__react@19.2.8/node_modules/next/dist/compiled/react-dom/cjs/react-dom-client.development.js:25630
[  113140ms] [LOG] [Fast Refresh] rebuilding @ webpack-internal:///(app-pages-browser)/../../node_modules/.pnpm/next@15.5.21_react-dom@19.2.8_react@19.2.8__react@19.2.8/node_modules/next/dist/client/dev/hot-reloader/app/hot-reloader-app.js:196
[  113388ms] [LOG] [Fast Refresh] done in 248ms @ webpack-internal:///(app-pages-browser)/../../node_modules/.pnpm/next@15.5.21_react-dom@19.2.8_react@19.2.8__react@19.2.8/node_modules/next/dist/client/dev/report-hmr-latency.js:13
[  113837ms] [INFO] %cDownload the React DevTools for a better development experience: https://react.dev/link/react-devtools font-weight:bold @ webpack-internal:///(app-pages-browser)/../../node_modules/.pnpm/next@15.5.21_react-dom@19.2.8_react@19.2.8__react@19.2.8/node_modules/next/dist/compiled/react-dom/cjs/react-dom-client.development.js:25630
